// Jest Snapshot v1, https://goo.gl/fbAQLP

exports[`matches snapshot 1`] = `
<DocumentFragment>
  <form>
    <p>
      Login under construction...
    </p>
  </form>
</DocumentFragment>
`;
