// Jest Snapshot v1, https://goo.gl/fbAQLP

exports[`matches snapshot 1`] = `
<DocumentFragment>
  <div
    class="SignupForm"
  >
    <div
      class="container col-md-6 offset-md-3 col-lg-4 offset-lg-4"
    >
      <h3
        class="mb-3"
      >
        Sign Up
      </h3>
      <div
        class="card"
      >
        <div
          class="card-body text-start"
        >
          <form>
            <div
              class="form-group"
            >
              <label
                for="username"
              >
                Username
              </label>
              <input
                autocomplete="username"
                class="form-control"
                id="username"
                name="username"
                type="text"
                value=""
              />
            </div>
            <div
              class="form-group"
            >
              <label
                for="email"
              >
                Email
              </label>
              <input
                autocomplete="email"
                class="form-control"
                id="email"
                name="email"
                type="text"
                value=""
              />
            </div>
            <div
              class="form-group"
            >
              <label
                for="password"
              >
                Password
              </label>
              <input
                autocomplete="current-password"
                class="form-control"
                id="password"
                name="password"
                type="password"
                value=""
              />
            </div>
            <div
              class="text-center mt-3"
            >
              <button
                class="btn btn-primary float-right"
                type="submit"
              >
                Submit
              </button>
            </div>
          </form>
        </div>
      </div>
    </div>
  </div>
</DocumentFragment>
`;
