// Jest Snapshot v1, https://goo.gl/fbAQLP

exports[`matches snapshot 1`] = `
<DocumentFragment>
  <form>
    <div
      class="form-group"
    >
      <label>
        Username
      </label>
      <p
        class="form-control-plaintext"
      >
        testuser
      </p>
    </div>
    <div
      class="form-group"
    >
      <label>
        Email
      </label>
      <input
        class="form-control"
        name="email"
        value="test@test.net"
      />
    </div>
    <div
      class="form-group"
    >
      <label>
        Confirm password to make changes:
      </label>
      <input
        class="form-control"
        name="password"
        type="password"
        value=""
      />
    </div>
    <button
      class="btn btn-primary btn-block mt-4"
    >
      Save Changes
    </button>
  </form>
</DocumentFragment>
`;
