// Jest Snapshot v1, https://goo.gl/fbAQLP

exports[`matches snapshot 1`] = `
<DocumentFragment>
  <h1>
    QUIZZLY IS UP AND RUNNING!
  </h1>
</DocumentFragment>
`;
